// Jest Snapshot v1, https://goo.gl/fbAQLP

exports[`When ItemInput renders its bare component should render correctly 1`] = `
<div
  className="Root class"
>
  <h1>
    Items
  </h1>
  <div
    id="items"
  >
    <div>
      item1
    </div>
    <div>
      item2
    </div>
  </div>
  <h2>
    Add Item
  </h2>
  <div>
    <div
      aria-describedby={undefined}
      className="MuiFormControl-root-3 MuiFormControl-marginNormal-4 Component-textField-1"
      onBlur={[Function]}
      onFocus={[Function]}
    >
      <label
        className="MuiFormLabel-root-13 MuiInputLabel-root-7 MuiInputLabel-formControl-8 MuiInputLabel-animated-11"
        data-shrink={false}
        htmlFor="required"
      >
        Title
        <span
          className="MuiFormLabel-asterisk-17"
        >
          â€‰*
        </span>
      </label>
      <div
        className="MuiInput-root-19 MuiInput-formControl-20 MuiInput-underline-23"
      >
        <input
          aria-invalid={false}
          aria-required={true}
          autoComplete={undefined}
          autoFocus={undefined}
          className="MuiInput-input-27"
          defaultValue={undefined}
          disabled={false}
          id="required"
          name={undefined}
          onBlur={[Function]}
          onChange={[Function]}
          onFocus={[Function]}
          onKeyDown={undefined}
          onKeyUp={undefined}
          placeholder={undefined}
          readOnly={undefined}
          required={true}
          rows={undefined}
          type="text"
          value=""
        />
      </div>
    </div>
    <button
      className="MuiButtonBase-root-48 MuiButton-root-33 MuiButton-raised-38 Component-button-2"
      disabled={false}
      onBlur={[Function]}
      onClick={[Function]}
      onFocus={[Function]}
      onKeyDown={[Function]}
      onKeyUp={[Function]}
      onMouseDown={[Function]}
      onMouseLeave={[Function]}
      onMouseUp={[Function]}
      onTouchEnd={[Function]}
      onTouchMove={[Function]}
      onTouchStart={[Function]}
      tabIndex="0"
      type="button"
    >
      <span
        className="MuiButton-label-34"
      >
        Save
      </span>
      <span
        className="MuiTouchRipple-root-51"
      />
    </button>
  </div>
</div>
`;
